mode: set
projectblackwhitego/mathutil/mathutil.go:6.34,8.2 1 1
