mode: set
projectblackwhitego/pixel/pixel.go:20.41,22.2 1 0
projectblackwhitego/pixel/pixel.go:23.56,26.2 2 0
projectblackwhitego/pixel/pixel.go:27.49,34.2 1 0
projectblackwhitego/pixel/pixel.go:36.47,38.2 1 0
