mode: set
projectblackwhitego/util/util.go:30.33,31.11 1 0
projectblackwhitego/util/util.go:32.2,33.16 1 0
projectblackwhitego/util/util.go:34.2,35.15 1 0
projectblackwhitego/util/util.go:36.2,37.15 1 0
projectblackwhitego/util/util.go:38.2,39.16 1 0
projectblackwhitego/util/util.go:40.2,41.15 1 0
projectblackwhitego/util/util.go:42.2,43.23 1 0
projectblackwhitego/util/util.go:53.24,54.11 1 1
projectblackwhitego/util/util.go:57.2,57.10 1 0
projectblackwhitego/util/util.go:54.11,56.3 1 1
projectblackwhitego/util/util.go:61.24,62.11 1 1
projectblackwhitego/util/util.go:65.2,65.10 1 1
projectblackwhitego/util/util.go:62.11,64.3 1 0
projectblackwhitego/util/util.go:68.38,70.2 1 0
projectblackwhitego/util/util.go:73.61,75.32 1 1
projectblackwhitego/util/util.go:79.2,82.25 4 1
projectblackwhitego/util/util.go:91.2,91.14 1 1
projectblackwhitego/util/util.go:75.32,77.3 1 0
projectblackwhitego/util/util.go:82.25,83.26 1 1
projectblackwhitego/util/util.go:83.26,86.37 3 1
projectblackwhitego/util/util.go:86.37,88.5 1 0
projectblackwhitego/util/util.go:95.49,97.16 2 1
projectblackwhitego/util/util.go:100.2,101.17 2 1
projectblackwhitego/util/util.go:105.2,105.17 1 1
projectblackwhitego/util/util.go:97.16,99.3 1 0
projectblackwhitego/util/util.go:101.17,103.3 1 0
projectblackwhitego/util/util.go:108.54,110.2 1 0
projectblackwhitego/util/util.go:131.68,133.16 2 0
projectblackwhitego/util/util.go:162.2,162.12 1 0
projectblackwhitego/util/util.go:134.2,136.42 2 0
projectblackwhitego/util/util.go:145.3,145.18 1 0
projectblackwhitego/util/util.go:151.2,152.27 1 0
projectblackwhitego/util/util.go:153.2,154.57 1 0
projectblackwhitego/util/util.go:155.2,156.87 1 0
projectblackwhitego/util/util.go:157.2,158.27 1 0
projectblackwhitego/util/util.go:159.2,160.29 1 0
projectblackwhitego/util/util.go:136.42,137.22 1 0
projectblackwhitego/util/util.go:137.22,143.5 1 0
projectblackwhitego/util/util.go:145.18,147.4 1 0
projectblackwhitego/util/util.go:147.4,149.4 1 0
projectblackwhitego/util/util.go:167.57,180.9 4 0
projectblackwhitego/util/util.go:184.2,185.16 2 0
projectblackwhitego/util/util.go:188.2,190.33 2 0
projectblackwhitego/util/util.go:180.9,182.3 1 0
projectblackwhitego/util/util.go:185.16,187.3 1 0
projectblackwhitego/util/util.go:193.40,195.16 2 0
projectblackwhitego/util/util.go:198.2,198.24 1 0
projectblackwhitego/util/util.go:201.2,201.18 1 0
projectblackwhitego/util/util.go:195.16,197.3 1 0
projectblackwhitego/util/util.go:198.24,200.3 1 0
projectblackwhitego/util/util.go:204.39,206.16 2 0
projectblackwhitego/util/util.go:209.2,211.16 3 0
projectblackwhitego/util/util.go:214.2,214.29 1 0
projectblackwhitego/util/util.go:220.2,220.12 1 0
projectblackwhitego/util/util.go:206.16,208.3 1 0
projectblackwhitego/util/util.go:211.16,213.3 1 0
projectblackwhitego/util/util.go:214.29,216.17 2 0
projectblackwhitego/util/util.go:216.17,218.4 1 0
